// Jest Snapshot v1, https://goo.gl/fbAQLP

exports[`<App /> renders correctly 1`] = `
<div
  className="App"
>
  <h1
    className="App-title"
  >
    Password Hasher
  </h1>
  <PasswordForm
    onChange={[Function]}
    onSubmit={[Function]}
  />
  <PasswordResult
    result=""
  />
  <footer
    className="App-footer"
  >
    <span>
      Â© 2018 
      <a
        href="https://github.com/jonaskay"
      >
        Jonas Kay
      </a>
    </span>
    <span
      style={
        Object {
          "textAlign": "right",
        }
      }
    >
      Based on 
      <a
        href="https://crypto.stanford.edu/PwdHash/"
      >
        PwdHash
      </a>
    </span>
  </footer>
</div>
`;
