// Jest Snapshot v1, https://goo.gl/fbAQLP

exports[`HashedPassword renders correctly 1`] = `
<div
  className="HashedPassword"
>
  <input
    type="text"
    value="4QAIn8SvaW"
  />
</div>
`;
