// Jest Snapshot v1, https://goo.gl/fbAQLP

exports[`PasswordResult renders correctly 1`] = `
<div
  className="PasswordResult"
>
  <input
    readOnly={true}
    type="text"
    value="foobar"
  />
</div>
`;
